// Jest Snapshot v1, https://goo.gl/fbAQLP

exports[`renders login form correctly 1`] = `
initialize {
  "0": Object {
    "attribs": Object {},
    "children": Array [
      Object {
        "attribs": Object {},
        "children": Array [
          Object {
            "attribs": Object {},
            "children": Array [
              Object {
                "attribs": Object {},
                "children": Array [
                  Object {
                    "attribs": Object {},
                    "children": Array [
                      Object {
                        "attribs": Object {},
                        "children": Array [
                          Object {
                            "attribs": Object {},
                            "children": Array [
                              Object {
                                "data": "Commons",
                                "next": null,
                                "parent": [Circular],
                                "prev": null,
                                "type": "text",
                              },
                            ],
                            "name": "div",
                            "next": Object {
                              "attribs": Object {
                                "disabled": "",
                                "style": "display:inline-block;background:#d14836;color:#fff;width:190px;padding-top:10px;padding-bottom:10px;border-radius:2px;border:1px solid transparent;font-size:16px;font-weight:bold;font-family:Roboto;opacity:0.6;",
                              },
                              "children": Array [
                                Object {
                                  "attribs": Object {},
                                  "children": Array [],
                                  "name": "span",
                                  "next": Object {
                                    "attribs": Object {},
                                    "children": Array [
                                      Object {
                                        "data": "Sign in with Google",
                                        "next": null,
                                        "parent": [Circular],
                                        "prev": null,
                                        "type": "text",
                                      },
                                    ],
                                    "name": "span",
                                    "next": null,
                                    "parent": [Circular],
                                    "prev": [Circular],
                                    "type": "tag",
                                  },
                                  "parent": [Circular],
                                  "prev": null,
                                  "type": "tag",
                                },
                                Object {
                                  "attribs": Object {},
                                  "children": Array [
                                    Object {
                                      "data": "Sign in with Google",
                                      "next": null,
                                      "parent": [Circular],
                                      "prev": null,
                                      "type": "text",
                                    },
                                  ],
                                  "name": "span",
                                  "next": null,
                                  "parent": [Circular],
                                  "prev": Object {
                                    "attribs": Object {},
                                    "children": Array [],
                                    "name": "span",
                                    "next": [Circular],
                                    "parent": [Circular],
                                    "prev": null,
                                    "type": "tag",
                                  },
                                  "type": "tag",
                                },
                              ],
                              "name": "button",
                              "next": null,
                              "parent": [Circular],
                              "prev": [Circular],
                              "type": "tag",
                            },
                            "parent": [Circular],
                            "prev": null,
                            "type": "tag",
                          },
                          Object {
                            "attribs": Object {
                              "disabled": "",
                              "style": "display:inline-block;background:#d14836;color:#fff;width:190px;padding-top:10px;padding-bottom:10px;border-radius:2px;border:1px solid transparent;font-size:16px;font-weight:bold;font-family:Roboto;opacity:0.6;",
                            },
                            "children": Array [
                              Object {
                                "attribs": Object {},
                                "children": Array [],
                                "name": "span",
                                "next": Object {
                                  "attribs": Object {},
                                  "children": Array [
                                    Object {
                                      "data": "Sign in with Google",
                                      "next": null,
                                      "parent": [Circular],
                                      "prev": null,
                                      "type": "text",
                                    },
                                  ],
                                  "name": "span",
                                  "next": null,
                                  "parent": [Circular],
                                  "prev": [Circular],
                                  "type": "tag",
                                },
                                "parent": [Circular],
                                "prev": null,
                                "type": "tag",
                              },
                              Object {
                                "attribs": Object {},
                                "children": Array [
                                  Object {
                                    "data": "Sign in with Google",
                                    "next": null,
                                    "parent": [Circular],
                                    "prev": null,
                                    "type": "text",
                                  },
                                ],
                                "name": "span",
                                "next": null,
                                "parent": [Circular],
                                "prev": Object {
                                  "attribs": Object {},
                                  "children": Array [],
                                  "name": "span",
                                  "next": [Circular],
                                  "parent": [Circular],
                                  "prev": null,
                                  "type": "tag",
                                },
                                "type": "tag",
                              },
                            ],
                            "name": "button",
                            "next": null,
                            "parent": [Circular],
                            "prev": Object {
                              "attribs": Object {},
                              "children": Array [
                                Object {
                                  "data": "Commons",
                                  "next": null,
                                  "parent": [Circular],
                                  "prev": null,
                                  "type": "text",
                                },
                              ],
                              "name": "div",
                              "next": [Circular],
                              "parent": [Circular],
                              "prev": null,
                              "type": "tag",
                            },
                            "type": "tag",
                          },
                        ],
                        "name": "div",
                        "next": null,
                        "parent": [Circular],
                        "prev": null,
                        "type": "tag",
                      },
                    ],
                    "name": "div",
                    "next": null,
                    "parent": [Circular],
                    "prev": null,
                    "type": "tag",
                  },
                ],
                "name": "div",
                "next": null,
                "parent": [Circular],
                "prev": null,
                "type": "tag",
              },
            ],
            "name": "div",
            "next": Object {
              "attribs": Object {},
              "children": Array [
                Object {
                  "data": "A Sidewalk Labs urban health initiative",
                  "next": null,
                  "parent": [Circular],
                  "prev": null,
                  "type": "text",
                },
              ],
              "name": "div",
              "next": null,
              "parent": [Circular],
              "prev": [Circular],
              "type": "tag",
            },
            "parent": [Circular],
            "prev": null,
            "type": "tag",
          },
          Object {
            "attribs": Object {},
            "children": Array [
              Object {
                "data": "A Sidewalk Labs urban health initiative",
                "next": null,
                "parent": [Circular],
                "prev": null,
                "type": "text",
              },
            ],
            "name": "div",
            "next": null,
            "parent": [Circular],
            "prev": Object {
              "attribs": Object {},
              "children": Array [
                Object {
                  "attribs": Object {},
                  "children": Array [
                    Object {
                      "attribs": Object {},
                      "children": Array [
                        Object {
                          "attribs": Object {},
                          "children": Array [
                            Object {
                              "attribs": Object {},
                              "children": Array [
                                Object {
                                  "data": "Commons",
                                  "next": null,
                                  "parent": [Circular],
                                  "prev": null,
                                  "type": "text",
                                },
                              ],
                              "name": "div",
                              "next": Object {
                                "attribs": Object {
                                  "disabled": "",
                                  "style": "display:inline-block;background:#d14836;color:#fff;width:190px;padding-top:10px;padding-bottom:10px;border-radius:2px;border:1px solid transparent;font-size:16px;font-weight:bold;font-family:Roboto;opacity:0.6;",
                                },
                                "children": Array [
                                  Object {
                                    "attribs": Object {},
                                    "children": Array [],
                                    "name": "span",
                                    "next": Object {
                                      "attribs": Object {},
                                      "children": Array [
                                        Object {
                                          "data": "Sign in with Google",
                                          "next": null,
                                          "parent": [Circular],
                                          "prev": null,
                                          "type": "text",
                                        },
                                      ],
                                      "name": "span",
                                      "next": null,
                                      "parent": [Circular],
                                      "prev": [Circular],
                                      "type": "tag",
                                    },
                                    "parent": [Circular],
                                    "prev": null,
                                    "type": "tag",
                                  },
                                  Object {
                                    "attribs": Object {},
                                    "children": Array [
                                      Object {
                                        "data": "Sign in with Google",
                                        "next": null,
                                        "parent": [Circular],
                                        "prev": null,
                                        "type": "text",
                                      },
                                    ],
                                    "name": "span",
                                    "next": null,
                                    "parent": [Circular],
                                    "prev": Object {
                                      "attribs": Object {},
                                      "children": Array [],
                                      "name": "span",
                                      "next": [Circular],
                                      "parent": [Circular],
                                      "prev": null,
                                      "type": "tag",
                                    },
                                    "type": "tag",
                                  },
                                ],
                                "name": "button",
                                "next": null,
                                "parent": [Circular],
                                "prev": [Circular],
                                "type": "tag",
                              },
                              "parent": [Circular],
                              "prev": null,
                              "type": "tag",
                            },
                            Object {
                              "attribs": Object {
                                "disabled": "",
                                "style": "display:inline-block;background:#d14836;color:#fff;width:190px;padding-top:10px;padding-bottom:10px;border-radius:2px;border:1px solid transparent;font-size:16px;font-weight:bold;font-family:Roboto;opacity:0.6;",
                              },
                              "children": Array [
                                Object {
                                  "attribs": Object {},
                                  "children": Array [],
                                  "name": "span",
                                  "next": Object {
                                    "attribs": Object {},
                                    "children": Array [
                                      Object {
                                        "data": "Sign in with Google",
                                        "next": null,
                                        "parent": [Circular],
                                        "prev": null,
                                        "type": "text",
                                      },
                                    ],
                                    "name": "span",
                                    "next": null,
                                    "parent": [Circular],
                                    "prev": [Circular],
                                    "type": "tag",
                                  },
                                  "parent": [Circular],
                                  "prev": null,
                                  "type": "tag",
                                },
                                Object {
                                  "attribs": Object {},
                                  "children": Array [
                                    Object {
                                      "data": "Sign in with Google",
                                      "next": null,
                                      "parent": [Circular],
                                      "prev": null,
                                      "type": "text",
                                    },
                                  ],
                                  "name": "span",
                                  "next": null,
                                  "parent": [Circular],
                                  "prev": Object {
                                    "attribs": Object {},
                                    "children": Array [],
                                    "name": "span",
                                    "next": [Circular],
                                    "parent": [Circular],
                                    "prev": null,
                                    "type": "tag",
                                  },
                                  "type": "tag",
                                },
                              ],
                              "name": "button",
                              "next": null,
                              "parent": [Circular],
                              "prev": Object {
                                "attribs": Object {},
                                "children": Array [
                                  Object {
                                    "data": "Commons",
                                    "next": null,
                                    "parent": [Circular],
                                    "prev": null,
                                    "type": "text",
                                  },
                                ],
                                "name": "div",
                                "next": [Circular],
                                "parent": [Circular],
                                "prev": null,
                                "type": "tag",
                              },
                              "type": "tag",
                            },
                          ],
                          "name": "div",
                          "next": null,
                          "parent": [Circular],
                          "prev": null,
                          "type": "tag",
                        },
                      ],
                      "name": "div",
                      "next": null,
                      "parent": [Circular],
                      "prev": null,
                      "type": "tag",
                    },
                  ],
                  "name": "div",
                  "next": null,
                  "parent": [Circular],
                  "prev": null,
                  "type": "tag",
                },
              ],
              "name": "div",
              "next": [Circular],
              "parent": [Circular],
              "prev": null,
              "type": "tag",
            },
            "type": "tag",
          },
        ],
        "name": "div",
        "next": null,
        "parent": null,
        "prev": null,
        "root": [Circular],
        "type": "tag",
      },
    ],
    "name": "root",
    "next": null,
    "parent": null,
    "prev": null,
    "type": "root",
  },
  "_root": [Circular],
  "length": 1,
  "options": Object {
    "decodeEntities": true,
    "normalizeWhitespace": false,
    "withDomLvl1": true,
    "xmlMode": false,
  },
}
`;
