// Jest Snapshot v1, https://goo.gl/fbAQLP

exports[`renders main container correctly 1`] = `
<div>
  <div
    className={undefined}
  />
  <div
    className={undefined}
  >
    A Sidewalk Labs urban health initiative
  </div>
</div>
`;
