// Jest Snapshot v1, https://goo.gl/fbAQLP

exports[`renders empty div 1`] = `
<div
  className="medication"
>
  <div
    className="medicationRow"
  >
    <div
      className="medicationRowTitle"
    >
      name
    </div>
    <div>
      once daily
    </div>
  </div>
</div>
`;
