// Jest Snapshot v1, https://goo.gl/fbAQLP

exports[`renders patient goal 1`] = `<div />`;
