// Jest Snapshot v1, https://goo.gl/fbAQLP

exports[`renders a risk area question 1`] = `
<div
  className=""
>
  <div
    className={undefined}
  >
    <div
      className={undefined}
    >
      Question Title
    </div>
    <div
      className={undefined}
    />
  </div>
  <div
    className="undefined"
  >
    <div
      className={undefined}
    >
      <div
        className=""
      >
        <div
          className={undefined}
        >
          <div
            className={undefined}
          >
            <input
              checked={false}
              className={undefined}
              disabled={false}
              onClick={[Function]}
              type="radio"
              value="true"
            />
            <label
              className={undefined}
            />
          </div>
          <span
            className=""
            onClick={[Function]}
          >
            answer value
          </span>
        </div>
      </div>
    </div>
  </div>
</div>
`;
