// Jest Snapshot v1, https://goo.gl/fbAQLP

exports[`renders risk area summaries 1`] = `
<div>
  <div
    className="sortSearchBar"
  >
    <div
      className="sort"
    >
      <div
        className="sortLabel"
      >
        Sort by:
      </div>
      <div
        className="sortDropdown"
      >
        <select
          value="Newest first"
        >
          <option
            value="Newest first"
          >
            Newest first
          </option>
        </select>
      </div>
      <div
        className="search marginLeft"
      >
        <input
          placeholder="Search by user or keywords"
          required={true}
          type="text"
        />
      </div>
    </div>
  </div>
  <div
    className="riskAreasPanel"
  >
    <div
      className="riskAreas"
    >
      <div
        className="riskAreasLoading"
      >
        Loading...
      </div>
    </div>
  </div>
</div>
`;
