// Jest Snapshot v1, https://goo.gl/fbAQLP

exports[`renders patient screening tool submission 1`] = `null`;
