// Jest Snapshot v1, https://goo.gl/fbAQLP

exports[`renders note input correctly 1`] = `<div />`;
