// Jest Snapshot v1, https://goo.gl/fbAQLP

exports[`renders answer create-edit 1`] = `
<form
  className={undefined}
  onSubmit={[Function]}
>
  <div
    className={undefined}
  >
    <div
      className={undefined}
    >
      <div
        className={undefined}
      />
    </div>
  </div>
  <div
    className={undefined}
  >
    <div
      className={undefined}
    >
      Answer ID: 
      answer-id
    </div>
    <br />
    <div
      className={undefined}
    >
      <div
        className={undefined}
      >
        Order:
      </div>
      <input
        className=""
        name="order"
        onChange={[Function]}
        placeholder="Enter answer order"
        type="number"
        value={1}
      />
    </div>
    <div
      className={undefined}
    >
      <div
        className={undefined}
      >
        Display Value:
      </div>
      <input
        className=""
        name="displayValue"
        onChange={[Function]}
        placeholder="Enter answer display value"
        value="answer value"
      />
    </div>
    <div
      className={undefined}
    >
      <div
        className={undefined}
      >
        Backend Value:
      </div>
      <input
        className=""
        name="value"
        onChange={[Function]}
        placeholder="Enter answer value"
        value="true"
      />
    </div>
    <div
      className={undefined}
    >
      <div
        className={undefined}
      >
        Backend value type:
      </div>
      <select
        className=""
        name="valueType"
        onChange={[Function]}
        value="boolean"
      >
        <option
          disabled={true}
          hidden={true}
          value=""
        >
          Select Answer value type
        </option>
        <option
          value="string"
        >
          text
        </option>
        <option
          value="boolean"
        >
          true / false
        </option>
        <option
          value="number"
        >
          number
        </option>
      </select>
    </div>
    <div
      className={undefined}
    >
      <div
        className={undefined}
      >
        Risk adjustment type:
      </div>
      <select
        className=""
        name="riskAdjustmentType"
        onChange={[Function]}
        required={true}
        value="increment"
      >
        <option
          disabled={true}
          hidden={true}
          value=""
        >
          Select risk adjustment type
        </option>
        <option
          value="increment"
        >
          increment
        </option>
        <option
          value="forceHighRisk"
        >
          forceHighRisk
        </option>
      </select>
    </div>
    <div
      className={undefined}
    >
      <div
        className={undefined}
      >
        Summary Text:
      </div>
      <input
        className=""
        name="summaryText"
        onChange={[Function]}
        placeholder="Enter summary text"
        value="summary text"
      />
    </div>
    <div
      className={undefined}
    >
      <div
        className={undefined}
      >
        <div
          className={undefined}
        >
          Display in summary?
        </div>
      </div>
      <div
        className=""
      >
        <div
          className={undefined}
        >
          <div
            className={undefined}
          >
            <input
              checked={true}
              className={undefined}
              name="inSummary"
              onChange={[Function]}
              type="radio"
              value="true"
            />
            <label />
          </div>
          <span
            className={undefined}
          >
            Yes
          </span>
        </div>
        <div
          className={undefined}
        >
          <div
            className={undefined}
          >
            <input
              checked={false}
              className={undefined}
              name="inSummary"
              onChange={[Function]}
              type="radio"
              value="false"
            />
            <label />
          </div>
          <span
            className={undefined}
          >
            No
          </span>
        </div>
      </div>
    </div>
  </div>
  <div
    className={undefined}
  >
    <div
      className={undefined}
    >
      <input
        className={undefined}
        type="submit"
        value="Save"
      />
    </div>
  </div>
</form>
`;
