// Jest Snapshot v1, https://goo.gl/fbAQLP

exports[`concern row renders concern row 1`] = `
<a
  className="undefined"
  href="/foo/bar/concern-id"
  onClick={[Function]}
>
  <div
    className={undefined}
  >
    Concern Title
  </div>
  <div
    className={undefined}
  >
    <div
      className=""
    >
      <span
        className={undefined}
      >
        Created:
      </span>
      <span
        className={undefined}
      >
        6 days ago
      </span>
    </div>
  </div>
</a>
`;
