// Jest Snapshot v1, https://goo.gl/fbAQLP

exports[`renders free text answer 1`] = `
<div
  className={undefined}
>
  <div
    className={undefined}
  >
    <textarea
      className={undefined}
      disabled={false}
      onChange={[Function]}
      value="true"
    />
  </div>
</div>
`;
