// Jest Snapshot v1, https://goo.gl/fbAQLP

exports[`renders question answers 1`] = `
<form
  className="container"
>
  <div
    className="container enabled"
  >
    <input
      checked={false}
      disabled={false}
      id="answer-id"
      name={undefined}
      onChange={[Function]}
      onClick={undefined}
      type="radio"
      value="answer-id"
    />
    <label
      htmlFor="answer-id"
    >
      answer value
    </label>
  </div>
</form>
`;
