// Jest Snapshot v1, https://goo.gl/fbAQLP

exports[`builder concerns renders builder concerns 1`] = `
<div
  className="container"
>
  <div
    className="sortSearchBar"
  >
    <div
      className="createContainer"
    >
      <button
        className="button"
        disabled={false}
        onClick={[Function]}
      >
        <span
          className="flex"
        >
          <span>
            Create Concern
          </span>
        </span>
      </button>
    </div>
  </div>
  <div
    className="bottomContainer"
  >
    <div
      className="itemsList"
    />
    <div
      className="itemContainer"
    />
  </div>
</div>
`;
