// Jest Snapshot v1, https://goo.gl/fbAQLP

exports[`renders concern create 1`] = `
<div
  className="container"
>
  <form
    onSubmit={[Function]}
  >
    <div
      className="formTop"
    >
      <div
        className="close"
        onClick={[Function]}
      />
    </div>
    <div
      className="formCenter"
    >
      <div
        className="loadingHidden"
      >
        <div
          className="loadingContainer"
        >
          <div
            className="loadingSpinner"
          />
        </div>
      </div>
      <div
        className="inputGroup"
      >
        <input
          className="input"
          id=""
          name="title"
          onBlur={undefined}
          onChange={[Function]}
          onFocus={undefined}
          onKeyDown={undefined}
          pattern={undefined}
          placeholder="Enter concern title"
          required={false}
          type="text"
          value=""
        />
      </div>
    </div>
    <div
      className="formBottom"
    >
      <div
        className="formBottomContent"
      >
        <button
          className="button white"
          disabled={false}
          onClick={[Function]}
        >
          <span
            className="flex"
          >
            <span>
              Cancel
            </span>
          </span>
        </button>
        <button
          className="button"
          disabled={false}
          onClick={[Function]}
        >
          <span
            className="flex"
          >
            <span>
              Add concern
            </span>
          </span>
        </button>
      </div>
    </div>
  </form>
</div>
`;
