// Jest Snapshot v1, https://goo.gl/fbAQLP

exports[`goal row renders goal row 1`] = `
<a
  className="container selected"
  href="/foo/bar/goal-id"
  onClick={[Function]}
>
  <div
    className="title"
  >
    Goal Title
  </div>
  <div
    className="meta"
  >
    <div
      className="dateSection createdAtSection"
    >
      <span
        className="dateLabel"
      >
        Created:
      </span>
      <span
        className="dateValue"
      >
        6 days ago
      </span>
    </div>
  </div>
</a>
`;
