// Jest Snapshot v1, https://goo.gl/fbAQLP

exports[`shallow rendered renders with screening tool 1`] = `
<div
  className="container"
>
  <div
    className="deleteConfirmation hidden"
  >
    <div
      className="deleteConfirmationIcon"
    />
    <div
      className="deleteConfirmationText"
    >
      Are you sure you want to delete this screening tool?
    </div>
    <div
      className="deleteConfirmationButtons"
    >
      <div
        className="deleteCancelButton invertedButton"
        onClick={[Function]}
      >
        Cancel
      </div>
      <div
        className="deleteConfirmButton"
        onClick={[Function]}
      >
        Yes, delete
      </div>
    </div>
    <div
      className="deleteError hidden"
    >
      <div
        className="redText smallText"
      >
        Error deleting screening tool.
      </div>
      <div
        className="smallText"
      >
        Please try again.
      </div>
    </div>
  </div>
  <div
    className="itemContainer"
  >
    <div>
      <div
        className="infoRow"
      >
        <div
          className="controls"
        >
          <Link
            className="close"
            replace={false}
            to="/route/base"
          >
            Close
          </Link>
          <div
            className="menuItem"
            onClick={[Function]}
          >
            <div
              className="trashIcon"
            />
            <div
              className="menuLabel"
            >
              Delete screening tool
            </div>
          </div>
        </div>
      </div>
    </div>
    <div
      className="itemBody"
    >
      <div
        className="smallText"
      >
        Title:
      </div>
      <div
        className="largeText title"
        onClick={[Function]}
      >
        Screening Tool
      </div>
      <div
        className="largeTextEditor hidden"
      >
        <input
          name="editedTitle"
          onBlur={[Function]}
          onChange={[Function]}
          onKeyDown={[Function]}
          value=""
        />
      </div>
      <div
        className="smallText"
      >
        Risk Area:
      </div>
      <div
        className="largeText"
      >
        Risk Area Title
      </div>
      <br />
      <div
        className="smallText"
      >
        Score Ranges:
      </div>
      <div />
      <div
        className="smallText"
      >
        Create score range:
      </div>
      <Apollo(Apollo(Apollo(ScoreRangeCreateEdit)))
        screeningToolId="screening-tool-id"
      />
    </div>
  </div>
</div>
`;
