// Jest Snapshot v1, https://goo.gl/fbAQLP

exports[`renders patient concern 1`] = `
<div
  className="patientConcernGroup"
>
  <div
    className="patientConcern selected"
    onClick={[Function]}
  >
    <div
      className="patientConcernTitleRow"
    >
      <div
        className="patientConcernTitle"
      >
        Concern Title
      </div>
      <div
        className="patientConcernHamburger"
        onClick={[Function]}
      />
    </div>
    <div
      className="patientConcernMetaRow"
    >
      <div
        className="patientConcernStats"
      >
        <div
          className="patientConcernStat"
        >
          <div
            className="patientConcernStatLabel"
          >
            Goals:
          </div>
          <div
            className="patientConcernStatValue"
          >
            1
          </div>
        </div>
        <div
          className="patientConcernStat"
        >
          <div
            className="patientConcernStatLabel"
          >
            Tasks:
          </div>
          <div
            className="patientConcernStatValue"
          >
            1
          </div>
        </div>
      </div>
      <div
        className="patientConcernDates"
      >
        <div
          className="patientConcernDate"
        >
          <div
            className="patientConcernDateLabel"
          >
            Created:
          </div>
          <div
            className="patientConcernDateValue"
          >
            <span>
              Sep 7, 2017
            </span>
          </div>
        </div>
        <div
          className="patientConcernDate"
        >
          <div
            className="patientConcernDateLabel"
          >
            Last update:
          </div>
          <div
            className="patientConcernDateValue"
          >
            <span>
              Sep 7, 2017
            </span>
          </div>
        </div>
      </div>
    </div>
  </div>
  <div
    className="patientGoals"
  >
    <div
      className="patientGoalTaskGroup"
    >
      <div
        className="patientGoal"
      >
        <div
          className="patientGoalHeaderRow"
        >
          <div
            className="patientGoalNumber"
          >
            Goal 1
          </div>
          <div
            className="patientGoalUpdatedDetails"
          >
            <div
              className="patientGoalUpdatedDetailsLabel"
            >
              Last update:
            </div>
            <div
              className="patientGoalUpdatedDetailsDate"
            >
              <span>
                Sep 7, 2017
              </span>
            </div>
          </div>
        </div>
        <div
          className="patientGoalTitle"
        >
          Goal Title
        </div>
      </div>
      <a
        className="container highPriority condensed"
        href="/patients/patient-id/map/active/tasks/task-id"
        onClick={[Function]}
      >
        <div
          className="title"
        >
          Task Title
        </div>
        <div
          className="meta"
        >
          <div
            className="followers"
          >
            <div
              className="assignedTo"
              style={
                Object {
                  "backgroundImage": "url(https://bit.ly/2weRwJm)",
                }
              }
            />
          </div>
          <div
            className="dateSection openedAt openedAtSection"
          >
            <span
              className="dateLabel"
            >
              Opened
              :
            </span>
            <span
              className="dateValue"
            >
              in 2 months
            </span>
          </div>
          <div
            className="dateSection"
          >
            <span
              className="dateLabel"
            >
              Due
              :
            </span>
            <span
              className="dateValue"
            >
              Sep 7, 2017
            </span>
          </div>
        </div>
      </a>
    </div>
  </div>
</div>
`;
